Info) VMD for LINUXAMD64, version 2.0.1a1 (April 21, 2026)
Info) http://www.ks.uiuc.edu/Research/vmd/                         
Info) Email questions and bug reports to vmd@ks.uiuc.edu           
Info) Please include this reference in published work using VMD:   
Info)    Humphrey, W., Dalke, A. and Schulten, K., `VMD - Visual   
Info)    Molecular Dynamics', J. Molec. Graphics 1996, 14.1, 33-38.
Info) -------------------------------------------------------------
Info) Multithreading available, 16 CPUs.
Info)   CPU features: SSE2 SSE4.1 AVX AVX2 FMA F16 HT 
Info)   Detected VM or hypervisor execution environment
Info) Free system memory: 15GB (96%)
Info) Creating CUDA device pool and initializing hardware...
Info) Detected 1 available CUDA accelerator::
Info) [0] NVIDIA GeForce RTX 4050 Laptop GPU 20 SM_8.9 1.6 GHz, 6.0GB RAM SP64 KT AE1 ZC
Info) Dynamically loaded 3 plugins in directory:
Info) /home/zwa/vmd/lib/vmd/plugins/LINUXAMD64/molfile
OptiXRenderer) ERROR: Failed to load OptiX shared library.
OptiXRenderer)        NVIDIA driver may be too old.
OptiXRenderer)        Check/update NVIDIA driver
Info) Duplicate resname "4YS" for glycanReader.
Info) Duplicate resname "YGA" for glycanReader.
Info) The duplication indicates a conflict with residue names in the PDB, GLYCAM, or CHARMM databases. If you're not working with glycans that use these residue names, you can safely ignore this warning.
../10_pfoa_associated_production
1
Info) Using plugin parm7 for structure file ../10_pfoa_associated_production/inputs/pVBTMA12_PFOA_assoc.prmtop
Info) Analyzing structure ...
Info)    Atoms: 15937
Info)    Bonds: 15898
Info)    Angles: 0  Dihedrals: 0  Impropers: 0  Cross-terms: 0
Info)    Bondtypes: 0  Angletypes: 0  Dihedraltypes: 0  Impropertypes: 0
Info)    Residues: 5214
Info)    Waters: 5163
Info)    Segments: 1
Info)    Fragments: 5214   Protein: 0   Nucleic: 0
Info) Residue name "PVB" not found in glycan file.
Info)    Appeared 12 times.
dcdplugin) detected standard 32-bit DCD file of native endianness
dcdplugin) CHARMM format DCD file (also NAMD 2.1 and later)
Info) Using plugin dcd for coordinates from file ../10_pfoa_associated_production/replica_01/01_prod_1ns/prod_01.dcd
Info) Finished with coordinate file ../10_pfoa_associated_production/replica_01/01_prod_1ns/prod_01.dcd.
dcdplugin) detected standard 32-bit DCD file of native endianness
dcdplugin) CHARMM format DCD file (also NAMD 2.1 and later)
Info) Using plugin dcd for coordinates from file ../10_pfoa_associated_production/replica_01/02_prod_1ns/prod_02.dcd
Info) Finished with coordinate file ../10_pfoa_associated_production/replica_01/02_prod_1ns/prod_02.dcd.
dcdplugin) detected standard 32-bit DCD file of native endianness
dcdplugin) CHARMM format DCD file (also NAMD 2.1 and later)
Info) Using plugin dcd for coordinates from file ../10_pfoa_associated_production/replica_01/03_prod_1ns/prod_03.dcd
Info) Finished with coordinate file ../10_pfoa_associated_production/replica_01/03_prod_1ns/prod_03.dcd.
dcdplugin) detected standard 32-bit DCD file of native endianness
dcdplugin) CHARMM format DCD file (also NAMD 2.1 and later)
Info) Using plugin dcd for coordinates from file ../10_pfoa_associated_production/replica_01/04_prod_1ns/prod_04.dcd
Info) Finished with coordinate file ../10_pfoa_associated_production/replica_01/04_prod_1ns/prod_04.dcd.
dcdplugin) detected standard 32-bit DCD file of native endianness
dcdplugin) CHARMM format DCD file (also NAMD 2.1 and later)
Info) Using plugin dcd for coordinates from file ../10_pfoa_associated_production/replica_01/05_prod_1ns/prod_05.dcd
Info) Finished with coordinate file ../10_pfoa_associated_production/replica_01/05_prod_1ns/prod_05.dcd.
dcdplugin) detected standard 32-bit DCD file of native endianness
dcdplugin) CHARMM format DCD file (also NAMD 2.1 and later)
Info) Using plugin dcd for coordinates from file ../10_pfoa_associated_production/replica_01/06_prod_1ns/prod_06.dcd
Info) Finished with coordinate file ../10_pfoa_associated_production/replica_01/06_prod_1ns/prod_06.dcd.
dcdplugin) detected standard 32-bit DCD file of native endianness
dcdplugin) CHARMM format DCD file (also NAMD 2.1 and later)
Info) Using plugin dcd for coordinates from file ../10_pfoa_associated_production/replica_01/07_prod_1ns/prod_07.dcd
Info) Finished with coordinate file ../10_pfoa_associated_production/replica_01/07_prod_1ns/prod_07.dcd.
dcdplugin) detected standard 32-bit DCD file of native endianness
dcdplugin) CHARMM format DCD file (also NAMD 2.1 and later)
Info) Using plugin dcd for coordinates from file ../10_pfoa_associated_production/replica_01/08_prod_1ns/prod_08.dcd
Info) Finished with coordinate file ../10_pfoa_associated_production/replica_01/08_prod_1ns/prod_08.dcd.
dcdplugin) detected standard 32-bit DCD file of native endianness
dcdplugin) CHARMM format DCD file (also NAMD 2.1 and later)
Info) Using plugin dcd for coordinates from file ../10_pfoa_associated_production/replica_01/09_prod_1ns/prod_09.dcd
Info) Finished with coordinate file ../10_pfoa_associated_production/replica_01/09_prod_1ns/prod_09.dcd.
dcdplugin) detected standard 32-bit DCD file of native endianness
dcdplugin) CHARMM format DCD file (also NAMD 2.1 and later)
Info) Using plugin dcd for coordinates from file ../10_pfoa_associated_production/replica_01/10_prod_1ns/prod_10.dcd
Info) Finished with coordinate file ../10_pfoa_associated_production/replica_01/10_prod_1ns/prod_10.dcd.
Info) 100.0% complete (frame 0)
Info) 0.0% complete (frame 1)
Info) 53.2% complete (frame 2659)
Info) 79.6% complete (frame 3981)
Info) 100.0% complete (frame 4999)
VMD_PBC_REPLICA_01 PASS frames=5000
Info) Using plugin parm7 for structure file ../10_pfoa_associated_production/inputs/pVBTMA12_PFOA_assoc.prmtop
Info) Analyzing structure ...
Info)    Atoms: 15937
Info)    Bonds: 15898
Info)    Angles: 0  Dihedrals: 0  Impropers: 0  Cross-terms: 0
Info)    Bondtypes: 0  Angletypes: 0  Dihedraltypes: 0  Impropertypes: 0
Info)    Residues: 5214
Info)    Waters: 5163
Info)    Segments: 1
Info)    Fragments: 5214   Protein: 0   Nucleic: 0
Info) Residue name "PVB" not found in glycan file.
Info)    Appeared 24 times.
dcdplugin) detected standard 32-bit DCD file of native endianness
dcdplugin) CHARMM format DCD file (also NAMD 2.1 and later)
Info) Using plugin dcd for coordinates from file ../10_pfoa_associated_production/replica_02/01_prod_1ns/prod_01.dcd
Info) Finished with coordinate file ../10_pfoa_associated_production/replica_02/01_prod_1ns/prod_01.dcd.
dcdplugin) detected standard 32-bit DCD file of native endianness
dcdplugin) CHARMM format DCD file (also NAMD 2.1 and later)
Info) Using plugin dcd for coordinates from file ../10_pfoa_associated_production/replica_02/02_prod_1ns/prod_02.dcd
Info) Finished with coordinate file ../10_pfoa_associated_production/replica_02/02_prod_1ns/prod_02.dcd.
dcdplugin) detected standard 32-bit DCD file of native endianness
dcdplugin) CHARMM format DCD file (also NAMD 2.1 and later)
Info) Using plugin dcd for coordinates from file ../10_pfoa_associated_production/replica_02/03_prod_1ns/prod_03.dcd
Info) Finished with coordinate file ../10_pfoa_associated_production/replica_02/03_prod_1ns/prod_03.dcd.
dcdplugin) detected standard 32-bit DCD file of native endianness
dcdplugin) CHARMM format DCD file (also NAMD 2.1 and later)
Info) Using plugin dcd for coordinates from file ../10_pfoa_associated_production/replica_02/04_prod_1ns/prod_04.dcd
Info) Finished with coordinate file ../10_pfoa_associated_production/replica_02/04_prod_1ns/prod_04.dcd.
dcdplugin) detected standard 32-bit DCD file of native endianness
dcdplugin) CHARMM format DCD file (also NAMD 2.1 and later)
Info) Using plugin dcd for coordinates from file ../10_pfoa_associated_production/replica_02/05_prod_1ns/prod_05.dcd
Info) Finished with coordinate file ../10_pfoa_associated_production/replica_02/05_prod_1ns/prod_05.dcd.
dcdplugin) detected standard 32-bit DCD file of native endianness
dcdplugin) CHARMM format DCD file (also NAMD 2.1 and later)
Info) Using plugin dcd for coordinates from file ../10_pfoa_associated_production/replica_02/06_prod_1ns/prod_06.dcd
Info) Finished with coordinate file ../10_pfoa_associated_production/replica_02/06_prod_1ns/prod_06.dcd.
dcdplugin) detected standard 32-bit DCD file of native endianness
dcdplugin) CHARMM format DCD file (also NAMD 2.1 and later)
Info) Using plugin dcd for coordinates from file ../10_pfoa_associated_production/replica_02/07_prod_1ns/prod_07.dcd
Info) Finished with coordinate file ../10_pfoa_associated_production/replica_02/07_prod_1ns/prod_07.dcd.
dcdplugin) detected standard 32-bit DCD file of native endianness
dcdplugin) CHARMM format DCD file (also NAMD 2.1 and later)
Info) Using plugin dcd for coordinates from file ../10_pfoa_associated_production/replica_02/08_prod_1ns/prod_08.dcd
Info) Finished with coordinate file ../10_pfoa_associated_production/replica_02/08_prod_1ns/prod_08.dcd.
dcdplugin) detected standard 32-bit DCD file of native endianness
dcdplugin) CHARMM format DCD file (also NAMD 2.1 and later)
Info) Using plugin dcd for coordinates from file ../10_pfoa_associated_production/replica_02/09_prod_1ns/prod_09.dcd
Info) Finished with coordinate file ../10_pfoa_associated_production/replica_02/09_prod_1ns/prod_09.dcd.
dcdplugin) detected standard 32-bit DCD file of native endianness
dcdplugin) CHARMM format DCD file (also NAMD 2.1 and later)
Info) Using plugin dcd for coordinates from file ../10_pfoa_associated_production/replica_02/10_prod_1ns/prod_10.dcd
Info) Finished with coordinate file ../10_pfoa_associated_production/replica_02/10_prod_1ns/prod_10.dcd.
Info) 100.0% complete (frame 0)
Info) 0.0% complete (frame 1)
Info) 52.3% complete (frame 2615)
Info) 100.0% complete (frame 4999)
VMD_PBC_REPLICA_02 PASS frames=5000
Info) Using plugin parm7 for structure file ../10_pfoa_associated_production/inputs/pVBTMA12_PFOA_assoc.prmtop
Info) Analyzing structure ...
Info)    Atoms: 15937
Info)    Bonds: 15898
Info)    Angles: 0  Dihedrals: 0  Impropers: 0  Cross-terms: 0
Info)    Bondtypes: 0  Angletypes: 0  Dihedraltypes: 0  Impropertypes: 0
Info)    Residues: 5214
Info)    Waters: 5163
Info)    Segments: 1
Info)    Fragments: 5214   Protein: 0   Nucleic: 0
Info) Residue name "PVB" not found in glycan file.
Info)    Appeared 36 times.
dcdplugin) detected standard 32-bit DCD file of native endianness
dcdplugin) CHARMM format DCD file (also NAMD 2.1 and later)
Info) Using plugin dcd for coordinates from file ../10_pfoa_associated_production/replica_03/01_prod_1ns/prod_01.dcd
Info) Finished with coordinate file ../10_pfoa_associated_production/replica_03/01_prod_1ns/prod_01.dcd.
dcdplugin) detected standard 32-bit DCD file of native endianness
dcdplugin) CHARMM format DCD file (also NAMD 2.1 and later)
Info) Using plugin dcd for coordinates from file ../10_pfoa_associated_production/replica_03/02_prod_1ns/prod_02.dcd
Info) Finished with coordinate file ../10_pfoa_associated_production/replica_03/02_prod_1ns/prod_02.dcd.
dcdplugin) detected standard 32-bit DCD file of native endianness
dcdplugin) CHARMM format DCD file (also NAMD 2.1 and later)
Info) Using plugin dcd for coordinates from file ../10_pfoa_associated_production/replica_03/03_prod_1ns/prod_03.dcd
Info) Finished with coordinate file ../10_pfoa_associated_production/replica_03/03_prod_1ns/prod_03.dcd.
dcdplugin) detected standard 32-bit DCD file of native endianness
dcdplugin) CHARMM format DCD file (also NAMD 2.1 and later)
Info) Using plugin dcd for coordinates from file ../10_pfoa_associated_production/replica_03/04_prod_1ns/prod_04.dcd
Info) Finished with coordinate file ../10_pfoa_associated_production/replica_03/04_prod_1ns/prod_04.dcd.
dcdplugin) detected standard 32-bit DCD file of native endianness
dcdplugin) CHARMM format DCD file (also NAMD 2.1 and later)
Info) Using plugin dcd for coordinates from file ../10_pfoa_associated_production/replica_03/05_prod_1ns/prod_05.dcd
Info) Finished with coordinate file ../10_pfoa_associated_production/replica_03/05_prod_1ns/prod_05.dcd.
dcdplugin) detected standard 32-bit DCD file of native endianness
dcdplugin) CHARMM format DCD file (also NAMD 2.1 and later)
Info) Using plugin dcd for coordinates from file ../10_pfoa_associated_production/replica_03/06_prod_1ns/prod_06.dcd
Info) Finished with coordinate file ../10_pfoa_associated_production/replica_03/06_prod_1ns/prod_06.dcd.
dcdplugin) detected standard 32-bit DCD file of native endianness
dcdplugin) CHARMM format DCD file (also NAMD 2.1 and later)
Info) Using plugin dcd for coordinates from file ../10_pfoa_associated_production/replica_03/07_prod_1ns/prod_07.dcd
Info) Finished with coordinate file ../10_pfoa_associated_production/replica_03/07_prod_1ns/prod_07.dcd.
dcdplugin) detected standard 32-bit DCD file of native endianness
dcdplugin) CHARMM format DCD file (also NAMD 2.1 and later)
Info) Using plugin dcd for coordinates from file ../10_pfoa_associated_production/replica_03/08_prod_1ns/prod_08.dcd
Info) Finished with coordinate file ../10_pfoa_associated_production/replica_03/08_prod_1ns/prod_08.dcd.
dcdplugin) detected standard 32-bit DCD file of native endianness
dcdplugin) CHARMM format DCD file (also NAMD 2.1 and later)
Info) Using plugin dcd for coordinates from file ../10_pfoa_associated_production/replica_03/09_prod_1ns/prod_09.dcd
Info) Finished with coordinate file ../10_pfoa_associated_production/replica_03/09_prod_1ns/prod_09.dcd.
dcdplugin) detected standard 32-bit DCD file of native endianness
dcdplugin) CHARMM format DCD file (also NAMD 2.1 and later)
Info) Using plugin dcd for coordinates from file ../10_pfoa_associated_production/replica_03/10_prod_1ns/prod_10.dcd
Info) Finished with coordinate file ../10_pfoa_associated_production/replica_03/10_prod_1ns/prod_10.dcd.
Info) 100.0% complete (frame 0)
Info) 0.0% complete (frame 1)
Info) 52.6% complete (frame 2627)
Info) 100.0% complete (frame 4999)
VMD_PBC_REPLICA_03 PASS frames=5000
VMD_PBC_STATUS PASS
PBCTOOLS_VERSION 2.8
Info) VMD for LINUXAMD64, version 2.0.1a1 (April 21, 2026)
Info) Exiting normally.
