===== Stage 10 extension started: 2026-09-26T21:23:42-04:00 =====
{
  "log": "replica_01/06_prod_1ns/prod_06.log",
  "max_energy_step": 3250000,
  "issues": []
}
{
  "log": "replica_01/07_prod_1ns/prod_07.log",
  "max_energy_step": 3750000,
  "issues": []
}
{
  "log": "replica_01/08_prod_1ns/prod_08.log",
  "max_energy_step": 4250000,
  "issues": []
}
{
  "log": "replica_01/09_prod_1ns/prod_09.log",
  "max_energy_step": 4750000,
  "issues": []
}
{
  "log": "replica_01/10_prod_1ns/prod_10.log",
  "max_energy_step": 5250000,
  "issues": []
}
{
  "log": "replica_02/06_prod_1ns/prod_06.log",
  "max_energy_step": 3250000,
  "issues": []
}
{
  "log": "replica_02/07_prod_1ns/prod_07.log",
  "max_energy_step": 3750000,
  "issues": []
}
{
  "log": "replica_02/08_prod_1ns/prod_08.log",
  "max_energy_step": 4250000,
  "issues": []
}
{
  "log": "replica_02/09_prod_1ns/prod_09.log",
  "max_energy_step": 4750000,
  "issues": []
}
{
  "log": "replica_02/10_prod_1ns/prod_10.log",
  "max_energy_step": 5250000,
  "issues": []
}
{
  "log": "replica_03/06_prod_1ns/prod_06.log",
  "max_energy_step": 3250000,
  "issues": []
}
{
  "log": "replica_03/07_prod_1ns/prod_07.log",
  "max_energy_step": 3750000,
  "issues": []
}
{
  "log": "replica_03/08_prod_1ns/prod_08.log",
  "max_energy_step": 4250000,
  "issues": []
}
{
  "log": "replica_03/09_prod_1ns/prod_09.log",
  "max_energy_step": 4750000,
  "issues": []
}
{
  "log": "replica_03/10_prod_1ns/prod_10.log",
  "max_energy_step": 5250000,
  "issues": []
}
Stage 10 output validation: PASS (3 x 10 ns)
===== Stage 10 extension finished: 2026-09-27T01:49:12-04:00; exit=0 =====
