
CPPTRAJ: Trajectory Analysis. V6.29.13 (AmberTools)
    ___  ___  ___  ___
     | \/ | \/ | \/ | 
    _|_/\_|_/\_|_/\_|_

| Date/time: 04/30/26 04:22:51
| Available memory: 6.752 GB

INPUT: Reading input from 'extract_representative_frames.cpptraj'
  [parm ../../05_pfas_exchange/solvated_resin_pfoa_exchange.prmtop]
	Reading '../../05_pfas_exchange/solvated_resin_pfoa_exchange.prmtop' as Amber Topology
	Radius Set: modified Bondi radii (mbondi)
  [trajin ../../09_namd_pfoa_exchange/resin_pfoa_exchange_npt_1ns.dcd 1 1 1]
	Reading '../../09_namd_pfoa_exchange/resin_pfoa_exchange_npt_1ns.dcd' as Charmm DCD
	Symmetric shape matrix detected.
  [autoimage anchor :1 origin]
    AUTOIMAGE: To origin based on center of mass, anchor mask is [:1]
	Auto-imaging using molecule distances.
  [strip :WAT]
    STRIP: Stripping atoms in mask [:WAT]
  [trajout pfoa_assoc_frame_001_resin_pfo_cl.pdb pdb]
	Writing 'pfoa_assoc_frame_001_resin_pfo_cl.pdb' as PDB
  [run]
---------- RUN BEGIN -------------------------------------------------

PARAMETER FILES (1 total):
 0: solvated_resin_pfoa_exchange.prmtop, 133395 atoms, 43942 res, box: Orthorhombic, 43942 mol, 43893 solvent

INPUT TRAJECTORIES (1 total):
 0: 'resin_pfoa_exchange_npt_1ns.dcd' is a CHARMM DCD file (coords) Little Endian 32 bit, Parm solvated_resin_pfoa_exchange.prmtop (Orthorhombic box) (reading 1 of 100)
  Coordinate processing will occur on 1 frames.

OUTPUT TRAJECTORIES (1 total):
  'pfoa_assoc_frame_001_resin_pfo_cl.pdb' (1 frames) is a PDB file

BEGIN TRAJECTORY PROCESSING:
.....................................................
ACTION SETUP FOR PARM 'solvated_resin_pfoa_exchange.prmtop' (2 actions):
  0: [autoimage anchor :1 origin]
	Anchoring on atoms selected by mask ':1'
	Mask [:1] corresponds to 1644 atoms.
	Mask [:1] corresponds to molecule 1
	1 molecules are fixed to anchor: 2
	43940 molecules are mobile.
  1: [strip :WAT]
	Stripping 131679 atoms.
	Stripped topology: 1716 atoms, 49 res, box: Orthorhombic, 49 mol
Warning: No PDB space group specified.
.....................................................
ACTIVE OUTPUT TRAJECTORIES (1):
  pfoa_assoc_frame_001_resin_pfo_cl.pdb (coordinates, time, box)
----- resin_pfoa_exchange_npt_1ns.dcd (1-1, 1) -----
100% Complete.

Read 1 frames and processed 1 frames.
TIME: Avg. throughput= 9.2078 frames / second.

ACTION OUTPUT:
TIME: Analyses took 0.0000 seconds.

RUN TIMING:
TIME:		Init               : 0.0000 s (  0.01%)
TIME:		Trajectory Process : 0.1086 s ( 69.16%)
TIME:		Action Post        : 0.0000 s (  0.00%)
TIME:		Analysis           : 0.0000 s (  0.00%)
TIME:		Data File Write    : 0.0000 s (  0.00%)
TIME:		Other              : 0.0484 s (  0.31%)
TIME:	Run Total 0.1570 s
---------- RUN END ---------------------------------------------------
  [clear trajin]
	Clearing input trajectories/ensembles.
  [clear trajout]
	Clearing output trajectories.
  [trajin ../../09_namd_pfoa_exchange/resin_pfoa_exchange_npt_1ns.dcd 25 25 1]
	Reading '../../09_namd_pfoa_exchange/resin_pfoa_exchange_npt_1ns.dcd' as Charmm DCD
	Symmetric shape matrix detected.
  [autoimage anchor :1 origin]
    AUTOIMAGE: To origin based on center of mass, anchor mask is [:1]
	Auto-imaging using molecule distances.
  [strip :WAT]
    STRIP: Stripping atoms in mask [:WAT]
  [trajout pfoa_assoc_frame_025_resin_pfo_cl.pdb pdb]
	Writing 'pfoa_assoc_frame_025_resin_pfo_cl.pdb' as PDB
  [run]
---------- RUN BEGIN -------------------------------------------------

PARAMETER FILES (1 total):
 0: solvated_resin_pfoa_exchange.prmtop, 133395 atoms, 43942 res, box: Orthorhombic, 43942 mol, 43893 solvent

INPUT TRAJECTORIES (1 total):
 0: 'resin_pfoa_exchange_npt_1ns.dcd' is a CHARMM DCD file (coords) Little Endian 32 bit, Parm solvated_resin_pfoa_exchange.prmtop (Orthorhombic box) (reading 1 of 100)
  Coordinate processing will occur on 1 frames.

OUTPUT TRAJECTORIES (1 total):
  'pfoa_assoc_frame_025_resin_pfo_cl.pdb' (1 frames) is a PDB file

BEGIN TRAJECTORY PROCESSING:
.....................................................
ACTION SETUP FOR PARM 'solvated_resin_pfoa_exchange.prmtop' (2 actions):
  0: [autoimage anchor :1 origin]
	Anchoring on atoms selected by mask ':1'
	Mask [:1] corresponds to 1644 atoms.
	Mask [:1] corresponds to molecule 1
	1 molecules are fixed to anchor: 2
	43940 molecules are mobile.
  1: [strip :WAT]
	Stripping 131679 atoms.
	Stripped topology: 1716 atoms, 49 res, box: Orthorhombic, 49 mol
Warning: No PDB space group specified.
.....................................................
ACTIVE OUTPUT TRAJECTORIES (1):
  pfoa_assoc_frame_025_resin_pfo_cl.pdb (coordinates, time, box)
----- resin_pfoa_exchange_npt_1ns.dcd (25-25, 1) -----
100% Complete.

Read 1 frames and processed 1 frames.
TIME: Avg. throughput= 10.6401 frames / second.

ACTION OUTPUT:
TIME: Analyses took 0.0000 seconds.

RUN TIMING:
TIME:		Init               : 0.0003 s (  0.19%)
TIME:		Trajectory Process : 0.0940 s ( 64.12%)
TIME:		Action Post        : 0.0000 s (  0.00%)
TIME:		Analysis           : 0.0000 s (  0.00%)
TIME:		Data File Write    : 0.0000 s (  0.00%)
TIME:		Other              : 0.0523 s (  0.36%)
TIME:	Run Total 0.1466 s
---------- RUN END ---------------------------------------------------
  [clear trajin]
	Clearing input trajectories/ensembles.
  [clear trajout]
	Clearing output trajectories.
  [trajin ../../09_namd_pfoa_exchange/resin_pfoa_exchange_npt_1ns.dcd 50 50 1]
	Reading '../../09_namd_pfoa_exchange/resin_pfoa_exchange_npt_1ns.dcd' as Charmm DCD
	Symmetric shape matrix detected.
  [autoimage anchor :1 origin]
    AUTOIMAGE: To origin based on center of mass, anchor mask is [:1]
	Auto-imaging using molecule distances.
  [strip :WAT]
    STRIP: Stripping atoms in mask [:WAT]
  [trajout pfoa_assoc_frame_050_resin_pfo_cl.pdb pdb]
	Writing 'pfoa_assoc_frame_050_resin_pfo_cl.pdb' as PDB
  [run]
---------- RUN BEGIN -------------------------------------------------

PARAMETER FILES (1 total):
 0: solvated_resin_pfoa_exchange.prmtop, 133395 atoms, 43942 res, box: Orthorhombic, 43942 mol, 43893 solvent

INPUT TRAJECTORIES (1 total):
 0: 'resin_pfoa_exchange_npt_1ns.dcd' is a CHARMM DCD file (coords) Little Endian 32 bit, Parm solvated_resin_pfoa_exchange.prmtop (Orthorhombic box) (reading 1 of 100)
  Coordinate processing will occur on 1 frames.

OUTPUT TRAJECTORIES (1 total):
  'pfoa_assoc_frame_050_resin_pfo_cl.pdb' (1 frames) is a PDB file

BEGIN TRAJECTORY PROCESSING:
.....................................................
ACTION SETUP FOR PARM 'solvated_resin_pfoa_exchange.prmtop' (2 actions):
  0: [autoimage anchor :1 origin]
	Anchoring on atoms selected by mask ':1'
	Mask [:1] corresponds to 1644 atoms.
	Mask [:1] corresponds to molecule 1
	1 molecules are fixed to anchor: 2
	43940 molecules are mobile.
  1: [strip :WAT]
	Stripping 131679 atoms.
	Stripped topology: 1716 atoms, 49 res, box: Orthorhombic, 49 mol
Warning: No PDB space group specified.
.....................................................
ACTIVE OUTPUT TRAJECTORIES (1):
  pfoa_assoc_frame_050_resin_pfo_cl.pdb (coordinates, time, box)
----- resin_pfoa_exchange_npt_1ns.dcd (50-50, 1) -----
100% Complete.

Read 1 frames and processed 1 frames.
TIME: Avg. throughput= 10.0303 frames / second.

ACTION OUTPUT:
TIME: Analyses took 0.0000 seconds.

RUN TIMING:
TIME:		Init               : 0.0002 s (  0.13%)
TIME:		Trajectory Process : 0.0997 s ( 69.82%)
TIME:		Action Post        : 0.0000 s (  0.00%)
TIME:		Analysis           : 0.0000 s (  0.00%)
TIME:		Data File Write    : 0.0000 s (  0.00%)
TIME:		Other              : 0.0429 s (  0.30%)
TIME:	Run Total 0.1428 s
---------- RUN END ---------------------------------------------------
  [clear trajin]
	Clearing input trajectories/ensembles.
  [clear trajout]
	Clearing output trajectories.
  [trajin ../../09_namd_pfoa_exchange/resin_pfoa_exchange_npt_1ns.dcd 75 75 1]
	Reading '../../09_namd_pfoa_exchange/resin_pfoa_exchange_npt_1ns.dcd' as Charmm DCD
	Symmetric shape matrix detected.
  [autoimage anchor :1 origin]
    AUTOIMAGE: To origin based on center of mass, anchor mask is [:1]
	Auto-imaging using molecule distances.
  [strip :WAT]
    STRIP: Stripping atoms in mask [:WAT]
  [trajout pfoa_assoc_frame_075_resin_pfo_cl.pdb pdb]
	Writing 'pfoa_assoc_frame_075_resin_pfo_cl.pdb' as PDB
  [run]
---------- RUN BEGIN -------------------------------------------------

PARAMETER FILES (1 total):
 0: solvated_resin_pfoa_exchange.prmtop, 133395 atoms, 43942 res, box: Orthorhombic, 43942 mol, 43893 solvent

INPUT TRAJECTORIES (1 total):
 0: 'resin_pfoa_exchange_npt_1ns.dcd' is a CHARMM DCD file (coords) Little Endian 32 bit, Parm solvated_resin_pfoa_exchange.prmtop (Orthorhombic box) (reading 1 of 100)
  Coordinate processing will occur on 1 frames.

OUTPUT TRAJECTORIES (1 total):
  'pfoa_assoc_frame_075_resin_pfo_cl.pdb' (1 frames) is a PDB file

BEGIN TRAJECTORY PROCESSING:
.....................................................
ACTION SETUP FOR PARM 'solvated_resin_pfoa_exchange.prmtop' (2 actions):
  0: [autoimage anchor :1 origin]
	Anchoring on atoms selected by mask ':1'
	Mask [:1] corresponds to 1644 atoms.
	Mask [:1] corresponds to molecule 1
	1 molecules are fixed to anchor: 2
	43940 molecules are mobile.
  1: [strip :WAT]
	Stripping 131679 atoms.
	Stripped topology: 1716 atoms, 49 res, box: Orthorhombic, 49 mol
Warning: No PDB space group specified.
.....................................................
ACTIVE OUTPUT TRAJECTORIES (1):
  pfoa_assoc_frame_075_resin_pfo_cl.pdb (coordinates, time, box)
----- resin_pfoa_exchange_npt_1ns.dcd (75-75, 1) -----
100% Complete.

Read 1 frames and processed 1 frames.
TIME: Avg. throughput= 10.7217 frames / second.

ACTION OUTPUT:
TIME: Analyses took 0.0000 seconds.

RUN TIMING:
TIME:		Init               : 0.0004 s (  0.27%)
TIME:		Trajectory Process : 0.0933 s ( 72.36%)
TIME:		Action Post        : 0.0000 s (  0.00%)
TIME:		Analysis           : 0.0000 s (  0.00%)
TIME:		Data File Write    : 0.0000 s (  0.00%)
TIME:		Other              : 0.0353 s (  0.27%)
TIME:	Run Total 0.1289 s
---------- RUN END ---------------------------------------------------
  [clear trajin]
	Clearing input trajectories/ensembles.
  [clear trajout]
	Clearing output trajectories.
  [trajin ../../09_namd_pfoa_exchange/resin_pfoa_exchange_npt_1ns.dcd 100 100 1]
	Reading '../../09_namd_pfoa_exchange/resin_pfoa_exchange_npt_1ns.dcd' as Charmm DCD
	Symmetric shape matrix detected.
  [autoimage anchor :1 origin]
    AUTOIMAGE: To origin based on center of mass, anchor mask is [:1]
	Auto-imaging using molecule distances.
  [strip :WAT]
    STRIP: Stripping atoms in mask [:WAT]
  [trajout pfoa_assoc_frame_100_resin_pfo_cl.pdb pdb]
	Writing 'pfoa_assoc_frame_100_resin_pfo_cl.pdb' as PDB
  [run]
---------- RUN BEGIN -------------------------------------------------

PARAMETER FILES (1 total):
 0: solvated_resin_pfoa_exchange.prmtop, 133395 atoms, 43942 res, box: Orthorhombic, 43942 mol, 43893 solvent

INPUT TRAJECTORIES (1 total):
 0: 'resin_pfoa_exchange_npt_1ns.dcd' is a CHARMM DCD file (coords) Little Endian 32 bit, Parm solvated_resin_pfoa_exchange.prmtop (Orthorhombic box) (reading 1 of 100)
  Coordinate processing will occur on 1 frames.

OUTPUT TRAJECTORIES (1 total):
  'pfoa_assoc_frame_100_resin_pfo_cl.pdb' (1 frames) is a PDB file

BEGIN TRAJECTORY PROCESSING:
.....................................................
ACTION SETUP FOR PARM 'solvated_resin_pfoa_exchange.prmtop' (2 actions):
  0: [autoimage anchor :1 origin]
	Anchoring on atoms selected by mask ':1'
	Mask [:1] corresponds to 1644 atoms.
	Mask [:1] corresponds to molecule 1
	1 molecules are fixed to anchor: 2
	43940 molecules are mobile.
  1: [strip :WAT]
	Stripping 131679 atoms.
	Stripped topology: 1716 atoms, 49 res, box: Orthorhombic, 49 mol
Warning: No PDB space group specified.
.....................................................
ACTIVE OUTPUT TRAJECTORIES (1):
  pfoa_assoc_frame_100_resin_pfo_cl.pdb (coordinates, time, box)
----- resin_pfoa_exchange_npt_1ns.dcd (100-100, 1) -----
100% Complete.

Read 1 frames and processed 1 frames.
TIME: Avg. throughput= 10.9643 frames / second.

ACTION OUTPUT:
TIME: Analyses took 0.0000 seconds.

RUN TIMING:
TIME:		Init               : 0.0002 s (  0.19%)
TIME:		Trajectory Process : 0.0912 s ( 70.56%)
TIME:		Action Post        : 0.0000 s (  0.00%)
TIME:		Analysis           : 0.0000 s (  0.00%)
TIME:		Data File Write    : 0.0000 s (  0.00%)
TIME:		Other              : 0.0378 s (  0.29%)
TIME:	Run Total 0.1293 s
---------- RUN END ---------------------------------------------------
TIME: Total execution time: 2.1629 seconds.
--------------------------------------------------------------------------------
To cite CPPTRAJ use:
Daniel R. Roe and Thomas E. Cheatham, III, "PTRAJ and CPPTRAJ: Software for
  Processing and Analysis of Molecular Dynamics Trajectory Data". J. Chem.
  Theory Comput., 2013, 9 (7), pp 3084-3095.

