
CPPTRAJ: Trajectory Analysis. V6.29.13 (AmberTools)
    ___  ___  ___  ___
     | \/ | \/ | \/ | 
    _|_/\_|_/\_|_/\_|_

| Date/time: 04/30/26 04:22:28
| Available memory: 6.754 GB

INPUT: Reading input from 'waters_within_5A_tail.cpptraj'
  [parm ../../05_pfas_exchange/solvated_resin_pfoa_exchange.prmtop]
	Reading '../../05_pfas_exchange/solvated_resin_pfoa_exchange.prmtop' as Amber Topology
	Radius Set: modified Bondi radii (mbondi)
  [trajin ../../09_namd_pfoa_exchange/resin_pfoa_exchange_npt_1ns.dcd 1 100 1]
	Reading '../../09_namd_pfoa_exchange/resin_pfoa_exchange_npt_1ns.dcd' as Charmm DCD
	Symmetric shape matrix detected.
  [autoimage anchor :1 origin]
    AUTOIMAGE: To origin based on center of mass, anchor mask is [:1]
	Auto-imaging using molecule distances.
  [watershell :PFO@F*,C,C1,C2,C3,C4,C5,C6 lower 5.0 upper 5.0 out pfoa_tail_waters_within_5A.dat]
    WATERSHELL: Output to pfoa_tail_waters_within_5A.dat
	The first shell will contain solvent < 5.000 angstroms from
	  the solute; the second shell < 5.000 angstroms...
	Solute atoms will be specified by [:PFO@F*,C,C1,C2,C3,C4,C5,C6]
	# solvent molecules in 'lower' shell stored in set 'WS_00001[lower]'
	# solvent molecules in 'upper' shell stored in set 'WS_00001[upper]'
  [run]
---------- RUN BEGIN -------------------------------------------------

PARAMETER FILES (1 total):
 0: solvated_resin_pfoa_exchange.prmtop, 133395 atoms, 43942 res, box: Orthorhombic, 43942 mol, 43893 solvent

INPUT TRAJECTORIES (1 total):
 0: 'resin_pfoa_exchange_npt_1ns.dcd' is a CHARMM DCD file (coords) Little Endian 32 bit, Parm solvated_resin_pfoa_exchange.prmtop (Orthorhombic box) (reading 100 of 100)
  Coordinate processing will occur on 100 frames.

BEGIN TRAJECTORY PROCESSING:
.....................................................
ACTION SETUP FOR PARM 'solvated_resin_pfoa_exchange.prmtop' (2 actions):
  0: [autoimage anchor :1 origin]
	Anchoring on atoms selected by mask ':1'
	Mask [:1] corresponds to 1644 atoms.
	Mask [:1] corresponds to molecule 1
	1 molecules are fixed to anchor: 2
	43940 molecules are mobile.
  1: [watershell :PFO@F*,C,C1,C2,C3,C4,C5,C6 lower 5.0 upper 5.0 out pfoa_tail_waters_within_5A.dat]
	Mask [:PFO@F*,C,C1,C2,C3,C4,C5,C6] corresponds to 22 atoms.
	Selecting all solvent atoms (131679 total)
	Imaging is on.
----- resin_pfoa_exchange_npt_1ns.dcd (1-100, 1) -----
 0% 10% 20% 30% 40% 51% 61% 71% 81% 91% 100% Complete.

Read 100 frames and processed 100 frames.
TIME: Avg. throughput= 4.5430 frames / second.

ACTION OUTPUT:
TIME: Analyses took 0.0000 seconds.

DATASETS (2 total):
	WS_00001[lower] "WS_00001[lower]" (integer), size is 100 (0.400 kB)
	WS_00001[upper] "WS_00001[upper]" (integer), size is 100 (0.400 kB)
    Total data set memory usage is at least 0.800 kB

DATAFILES (1 total):
  pfoa_tail_waters_within_5A.dat (Standard Data File):  WS_00001[lower] WS_00001[upper]

RUN TIMING:
TIME:		Init               : 0.0002 s (  0.00%)
TIME:		Trajectory Process : 22.0121 s ( 99.70%)
TIME:		Action Post        : 0.0000 s (  0.00%)
TIME:		Analysis           : 0.0000 s (  0.00%)
TIME:		Data File Write    : 0.0655 s (  0.30%)
TIME:		Other              : 0.0007 s (  0.00%)
TIME:	Run Total 22.0785 s
---------- RUN END ---------------------------------------------------
TIME: Total execution time: 23.3476 seconds.
--------------------------------------------------------------------------------
To cite CPPTRAJ use:
Daniel R. Roe and Thomas E. Cheatham, III, "PTRAJ and CPPTRAJ: Software for
  Processing and Analysis of Molecular Dynamics Trajectory Data". J. Chem.
  Theory Comput., 2013, 9 (7), pp 3084-3095.

