-I: Adding /home/zwa/miniforge3/envs/AmberTools25/dat/leap/prep to search path.
-I: Adding /home/zwa/miniforge3/envs/AmberTools25/dat/leap/lib to search path.
-I: Adding /home/zwa/miniforge3/envs/AmberTools25/dat/leap/parm to search path.
-I: Adding /home/zwa/miniforge3/envs/AmberTools25/dat/leap/cmd to search path.
-f: Source build_cl_aq.leap.

Welcome to LEaP!
(no leaprc in search path)
Sourcing: ./build_cl_aq.leap
----- Source: /home/zwa/miniforge3/envs/AmberTools25/dat/leap/cmd/leaprc.water.tip3p
----- Source of /home/zwa/miniforge3/envs/AmberTools25/dat/leap/cmd/leaprc.water.tip3p done
Loading library: /home/zwa/miniforge3/envs/AmberTools25/dat/leap/lib/atomic_ions.lib
Loading library: /home/zwa/miniforge3/envs/AmberTools25/dat/leap/lib/solvents.lib
Loading parameters: /home/zwa/miniforge3/envs/AmberTools25/dat/leap/parm/frcmod.tip3p
Reading force field modification type file (frcmod)
Reading title:
This is the additional/replacement parameter set for TIP3P water
Loading parameters: /home/zwa/miniforge3/envs/AmberTools25/dat/leap/parm/frcmod.ions1lm_126_tip3p
Reading force field modification type file (frcmod)
Reading title:
Li/Merz ion parameters of monovalent ions for TIP3P water model (12-6 normal usage set)
Loading parameters: /home/zwa/miniforge3/envs/AmberTools25/dat/leap/parm/frcmod.ionsjc_tip3p
Reading force field modification type file (frcmod)
Reading title:
Monovalent ion parameters for Ewald and TIP3P water from Joung & Cheatham JPCB (2008)
Loading parameters: /home/zwa/miniforge3/envs/AmberTools25/dat/leap/parm/frcmod.ions234lm_126_tip3p
Reading force field modification type file (frcmod)
Reading title:
Li/Merz ion parameters of divalent to tetravalent ions for TIP3P water model (12-6 normal usage set)
Loading parameters: /home/zwa/miniforge3/envs/AmberTools25/dat/leap/parm/frcmod.ionsjc_tip3p
Reading force field modification type file (frcmod)
Reading title:
Monovalent ion parameters for Ewald and TIP3P water from Joung & Cheatham JPCB (2008)
  Solute vdw bounding box:              5.026 5.026 5.026
  Total bounding box for atom centers:  41.026 41.026 41.026
  Solvent unit box:                     18.774 18.774 18.774
  Total vdw box size:                   44.147 43.772 44.319 angstroms.
  Volume: 85640.723 A^3 
  Total mass 37796.986 amu,  Density 0.733 g/cc
  Added 2096 residues.
Checking Unit.

/home/zwa/miniforge3/envs/AmberTools25/bin/teLeap: Warning!
The unperturbed charge of the unit (-1.000000) is not zero.

/home/zwa/miniforge3/envs/AmberTools25/bin/teLeap: Note.
Ignoring the warning from Unit Checking.

Building topology.
Building atom parameters.
Building bond parameters.
Building angle parameters.
Building proper torsion parameters.
Building improper torsion parameters.
 total 0 improper torsions applied
Building H-Bond parameters.
Incorporating Non-Bonded adjustments.
Not Marking per-residue atom chain types.
Marking per-residue atom chain types.
  (Residues lacking connect0/connect1 - 
   these don't have chain types marked:

	res	total affected

	WAT	2096
  )
 (no restraints)
Writing pdb file: cl_aq.pdb
   printing CRYST1 record to PDB file with box info
	Quit

Exiting LEaP: Errors = 0; Warnings = 1; Notes = 1.
